---
source: tui/src/pager/mod.rs
expression: terminal.backend()
---
"[            TMPDIR            ]                 |preview                                           "
"(empty)                                          |                                                  "
"                                                 |                                                  "
"                                                 |                                                  "
"                                                 |                                                  "
"                                                 |                                                  "
"                                                 |                                                  "
"                                                 |                                                  "
"                                                 |                                                  "
"Target browser (1/0)              [            TMPDIR            ]                            h help"
