---
source: src/command/util.rs
expression: "strip_str(crate::output::test_capture::take_all())"
---
@/target/a.txt -> @/source/a.txt (symlink)
@/target/b.txt -> @/source/b.txt (symlink)
@/target/subdir/c.txt -> @/source/subdir/c.txt (symlink)
@/target/subdir/d.txt -> @/source/subdir/d.txt (symlink)
[SUMMARY] 4 entries
