---
source: tui/src/pager/explorer.rs
expression: terminal.backend()
---
"[            TMPDIR            ]                 |preview                                           "
"  a.txt                                          |                                                  "
"  b.txt                                          |                                                  "
"                                                 |                                                  "
"                                                 |                                                  "
"                                                 |                                                  "
"                                                 |                                                  "
"                                                 |                                                  "
"                                                 |                                                  "
"Preview (1/1)                     [            TMPDIR            ]                            h help"
