---
source: tui/src/pager/view.rs
assertion_line: 95
expression: terminal.backend()
---
"                                        "
"                                        "
"                                        "
"                                        "
"(1/1)            /t/n/.t          h help"
