---
source: tui/src/pager/mod.rs
expression: terminal.backend()
---
"[            TMPDIR            ]                 |preview                                           "
"  file04                                         |                                                  "
"  file05                                         |                                                  "
"  file06                                         |                                                  "
"  file07                                         |                                                  "
"  file08                                         |                                                  "
"  file09                                         |                                                  "
"  file10                                         |                                                  "
"> file11                                         |                                                  "
"Target browser (11/30)            [            TMPDIR            ]                            h help"
