---
source: tui/src/pager/mod.rs
expression: terminal.backend()
---
"[            TMPDIR            ]                 |preview                                           "
"  a.txt                                          |                                                  "
"  b.txt                                          |                                                  "
"                                                 |                                                  "
"                                                 |                                                  "
"                                                 |                                                  "
"                                                 |                                                  "
"                                                 |                                                  "
"                                                 |                                                  "
"Source (1/1)                      [            TMPDIR            ]                            h help"
