---
source: tui/src/pager/mod.rs
expression: terminal.backend()
---
"[            TMPDIR            ]                 |preview                                           "
"> a.txt                                          |                                                  "
"  b.txt                                          |                                                  "
"  c.txt                                          |                                                  "
"                                                 |                                                  "
"                                                 |                                                  "
"                                                 |                                                  "
"                                                 |                                                  "
"                                                 |                                                  "
"Target browser (1/3)              [            TMPDIR            ]                            h help"
